 io

 Timestamp is 65bda96a (Sat Feb 03 10:48:10 2024)

 Preferred load address is 10000000

 Start         Length     Name                   Class
 0001:00000000 00001374H .text                   CODE
 0001:00001380 0000009cH .text$x                 CODE
 0001:00001420 0000000bH .text$yd                CODE
 0002:00000000 00000128H .idata$5                DATA
 0002:00000128 00000004H .CRT$XCA                DATA
 0002:0000012c 00000004H .CRT$XCZ                DATA
 0002:00000130 00000004H .CRT$XIA                DATA
 0002:00000134 00000004H .CRT$XIAA               DATA
 0002:00000138 00000004H .CRT$XIZ                DATA
 0002:00000140 0000027fH .rdata                  DATA
 0002:000003c0 00000061H .rdata$debug            DATA
 0002:00000424 00000004H .rtc$IAA                DATA
 0002:00000428 00000004H .rtc$IZZ                DATA
 0002:0000042c 00000004H .rtc$TAA                DATA
 0002:00000430 00000004H .rtc$TZZ                DATA
 0002:00000438 00000124H .xdata$x                DATA
 0002:0000055c 00000064H .idata$2                DATA
 0002:000005c0 00000014H .idata$3                DATA
 0002:000005d4 00000128H .idata$4                DATA
 0002:000006fc 00000a52H .idata$6                DATA
 0002:00001150 0000006eH .edata                  DATA
 0003:00000000 00000016H .data                   DATA
 0003:00000018 000003e4H .bss                    DATA

  Address         Publics by Value              Rva+Base       Lib:Object

 0000:00000000       ___safe_se_handler_count   00000000     <absolute>
 0000:00000000       ___safe_se_handler_table   00000000     <absolute>
 0000:00000000       ___ImageBase               10000000     <linker-defined>
 0001:00000000       ?hex@std@@YAAAVios_base@1@AAV21@@Z 10001000 f i Remapped IO.DLL.obj
 0001:00000020       ?InitRemap@@YGXXZ          10001020 f   Remapped IO.DLL.obj
 0001:00000230       _DllMain@12                10001230 f   Remapped IO.DLL.obj
 0001:00000270       _PortOut@8                 10001270 f   Remapped IO.DLL.obj
 0001:00000520       _PortIn@4                  10001520 f   Remapped IO.DLL.obj
 0001:000007d0       _IsDriverInstalled@0       100017d0 f   Remapped IO.DLL.obj
 0001:000007e0       ??0sentry@?$basic_ostream@DU?$char_traits@D@std@@@std@@QAE@AAV12@@Z 100017e0 f i Remapped IO.DLL.obj
 0001:00000870       ??1sentry@?$basic_ostream@DU?$char_traits@D@std@@@std@@QAE@XZ 10001870 f i Remapped IO.DLL.obj
 0001:000008f0       ??1_Sentry_base@?$basic_ostream@DU?$char_traits@D@std@@@std@@QAE@XZ 100018f0 f i Remapped IO.DLL.obj
 0001:00000910       ??$?6U?$char_traits@D@std@@@std@@YAAAV?$basic_ostream@DU?$char_traits@D@std@@@0@AAV10@PBD@Z 10001910 f i Remapped IO.DLL.obj
 0001:00000acc       _CloseTVicPort@0           10001acc f   TVicPort:TVicPort.dll
 0001:00000ad2       _OpenTVicPort@0            10001ad2 f   TVicPort:TVicPort.dll
 0001:00000ad8       _IsDriverOpened@0          10001ad8 f   TVicPort:TVicPort.dll
 0001:00000ade       _WritePort@8               10001ade f   TVicPort:TVicPort.dll
 0001:00000ae4       _ReadPort@4                10001ae4 f   TVicPort:TVicPort.dll
 0001:00000aea       _SetHardAccess@4           10001aea f   TVicPort:TVicPort.dll
 0001:00000af0       @__security_check_cookie@4 10001af0 f   MSVCRT:secchk.obj
 0001:00000aff       __onexit                   10001aff f   MSVCRT:atonexit.obj
 0001:00000ba4       _atexit                    10001ba4 f   MSVCRT:atonexit.obj
 0001:00000c0a       __CRT_INIT@12              10001c0a f   MSVCRT:crtdll.obj
 0001:00000f46       __DllMainCRTStartup@12     10001f46 f   MSVCRT:crtdll.obj
 0001:00000f69       ___report_gsfailure        10001f69 f   MSVCRT:gs_report.obj
 0001:00001070       __unlock                   10002070 f   MSVCRT:MSVCR90.dll
 0001:00001076       ___dllonexit               10002076 f   MSVCRT:MSVCR90.dll
 0001:0000107c       __lock                     1000207c f   MSVCRT:MSVCR90.dll
 0001:00001084       __SEH_prolog4              10002084 f   MSVCRT:sehprolg4.obj
 0001:000010c9       __SEH_epilog4              100020c9 f   MSVCRT:sehprolg4.obj
 0001:000010dd       __except_handler4          100020dd f   MSVCRT:chandler4gs.obj
 0001:00001102       ___clean_type_info_names   10002102 f   MSVCRT:tncleanup.obj
 0001:0000110e       __RTC_Initialize           1000210e f   MSVCRT:_initsect_.obj
 0001:00001134       __RTC_Terminate            10002134 f   MSVCRT:_initsect_.obj
 0001:00001160       __ValidateImageBase        10002160 f   MSVCRT:pesect.obj
 0001:000011a0       __FindPESection            100021a0 f   MSVCRT:pesect.obj
 0001:000011f0       __IsNonwritableInCurrentImage 100021f0 f   MSVCRT:pesect.obj
 0001:000012ae       __initterm                 100022ae f   MSVCRT:MSVCR90.dll
 0001:000012b4       __initterm_e               100022b4 f   MSVCRT:MSVCR90.dll
 0001:000012ba       __amsg_exit                100022ba f   MSVCRT:MSVCR90.dll
 0001:000012c0       ___CppXcptFilter           100022c0 f   MSVCRT:MSVCR90.dll
 0001:000012c6       ___security_init_cookie    100022c6 f   MSVCRT:gs_support.obj
 0001:0000135c       __crt_debugger_hook        1000235c f   MSVCRT:MSVCR90.dll
 0001:00001362       __except_handler4_common   10002362 f   MSVCRT:MSVCR90.dll
 0001:00001368       ___clean_type_info_names_internal 10002368 f   MSVCRT:MSVCR90.dll
 0001:0000136e       ___CxxFrameHandler3        1000236e f   MSVCRT:MSVCR90.dll
 0002:00000000       __imp__GetCurrentProcess@0 10003000     kernel32:KERNEL32.dll
 0002:00000004       __imp__GetSystemTimeAsFileTime@4 10003004     kernel32:KERNEL32.dll
 0002:00000008       __imp__GetCurrentProcessId@0 10003008     kernel32:KERNEL32.dll
 0002:0000000c       __imp__GetCurrentThreadId@0 1000300c     kernel32:KERNEL32.dll
 0002:00000010       __imp__GetTickCount@0      10003010     kernel32:KERNEL32.dll
 0002:00000014       __imp__QueryPerformanceCounter@4 10003014     kernel32:KERNEL32.dll
 0002:00000018       __imp__IsDebuggerPresent@0 10003018     kernel32:KERNEL32.dll
 0002:0000001c       __imp__GetModuleFileNameW@12 1000301c     kernel32:KERNEL32.dll
 0002:00000020       __imp__GetLocalTime@4      10003020     kernel32:KERNEL32.dll
 0002:00000024       __imp__SetUnhandledExceptionFilter@4 10003024     kernel32:KERNEL32.dll
 0002:00000028       __imp__UnhandledExceptionFilter@4 10003028     kernel32:KERNEL32.dll
 0002:0000002c       __imp__Sleep@4             1000302c     kernel32:KERNEL32.dll
 0002:00000030       __imp__InterlockedCompareExchange@12 10003030     kernel32:KERNEL32.dll
 0002:00000034       __imp__TerminateProcess@8  10003034     kernel32:KERNEL32.dll
 0002:00000038       __imp__InterlockedExchange@8 10003038     kernel32:KERNEL32.dll
 0002:0000003c       \177KERNEL32_NULL_THUNK_DATA 1000303c     kernel32:KERNEL32.dll
 0002:00000040       __imp_?sputn@?$basic_streambuf@DU?$char_traits@D@std@@@std@@QAEHPBDH@Z 10003040     msvcprt:MSVCP90.dll
 0002:00000044       __imp_?_Osfx@?$basic_ostream@DU?$char_traits@D@std@@@std@@QAEXXZ 10003044     msvcprt:MSVCP90.dll
 0002:00000048       __imp_?_Lock@?$basic_streambuf@DU?$char_traits@D@std@@@std@@QAEXXZ 10003048     msvcprt:MSVCP90.dll
 0002:0000004c       __imp_?_Unlock@?$basic_streambuf@DU?$char_traits@D@std@@@std@@QAEXXZ 1000304c     msvcprt:MSVCP90.dll
 0002:00000050       __imp_?sputc@?$basic_streambuf@DU?$char_traits@D@std@@@std@@QAEHD@Z 10003050     msvcprt:MSVCP90.dll
 0002:00000054       __imp_?str@?$basic_stringstream@DU?$char_traits@D@std@@V?$allocator@D@2@@std@@QBE?AV?$basic_string@DU?$char_traits@D@std@@V?$allocator@D@2@@2@XZ 10003054     msvcprt:MSVCP90.dll
 0002:00000058       __imp_??0?$basic_stringstream@DU?$char_traits@D@std@@V?$allocator@D@2@@std@@QAE@H@Z 10003058     msvcprt:MSVCP90.dll
 0002:0000005c       __imp_?uncaught_exception@std@@YA_NXZ 1000305c     msvcprt:MSVCP90.dll
 0002:00000060       __imp_?flush@?$basic_ostream@DU?$char_traits@D@std@@@std@@QAEAAV12@XZ 10003060     msvcprt:MSVCP90.dll
 0002:00000064       __imp_??6?$basic_ostream@DU?$char_traits@D@std@@@std@@QAEAAV01@I@Z 10003064     msvcprt:MSVCP90.dll
 0002:00000068       __imp_??6?$basic_ostream@DU?$char_traits@D@std@@@std@@QAEAAV01@G@Z 10003068     msvcprt:MSVCP90.dll
 0002:0000006c       __imp_??6?$basic_ostream@DU?$char_traits@D@std@@@std@@QAEAAV01@F@Z 1000306c     msvcprt:MSVCP90.dll
 0002:00000070       __imp_??6?$basic_ostream@DU?$char_traits@D@std@@@std@@QAEAAV01@P6AAAVios_base@1@AAV21@@Z@Z 10003070     msvcprt:MSVCP90.dll
 0002:00000074       __imp_??6?$basic_ostream@DU?$char_traits@D@std@@@std@@QAEAAV01@P6AAAV01@AAV01@@Z@Z 10003074     msvcprt:MSVCP90.dll
 0002:00000078       __imp_?rdbuf@?$basic_ios@DU?$char_traits@D@std@@@std@@QAEPAV?$basic_streambuf@DU?$char_traits@D@std@@@2@PAV32@@Z 10003078     msvcprt:MSVCP90.dll
 0002:0000007c       __imp_?setstate@?$basic_ios@DU?$char_traits@D@std@@@std@@QAEXH_N@Z 1000307c     msvcprt:MSVCP90.dll
 0002:00000080       __imp_??1?$basic_string@DU?$char_traits@D@std@@V?$allocator@D@2@@std@@QAE@XZ 10003080     msvcprt:MSVCP90.dll
 0002:00000084       __imp_??_D?$basic_stringstream@DU?$char_traits@D@std@@V?$allocator@D@2@@std@@QAEXXZ 10003084     msvcprt:MSVCP90.dll
 0002:00000088       __imp_??_D?$basic_ofstream@DU?$char_traits@D@std@@@std@@QAEXXZ 10003088     msvcprt:MSVCP90.dll
 0002:0000008c       __imp_?endl@std@@YAAAV?$basic_ostream@DU?$char_traits@D@std@@@1@AAV21@@Z 1000308c     msvcprt:MSVCP90.dll
 0002:00000090       __imp_?cout@std@@3V?$basic_ostream@DU?$char_traits@D@std@@@1@A 10003090     msvcprt:MSVCP90.dll
 0002:00000094       __imp_??$?6DU?$char_traits@D@std@@V?$allocator@D@1@@std@@YAAAV?$basic_ostream@DU?$char_traits@D@std@@@0@AAV10@ABV?$basic_string@DU?$char_traits@D@std@@V?$allocator@D@2@@0@@Z 10003094     msvcprt:MSVCP90.dll
 0002:00000098       __imp_?setw@std@@YA?AU?$_Smanip@H@1@H@Z 10003098     msvcprt:MSVCP90.dll
 0002:0000009c       __imp_??0?$basic_ofstream@DU?$char_traits@D@std@@@std@@QAE@PBDHH@Z 1000309c     msvcprt:MSVCP90.dll
 0002:000000a0       \177MSVCP90_NULL_THUNK_DATA 100030a0     msvcprt:MSVCP90.dll
 0002:000000a4       __imp__fclose              100030a4     MSVCRT:MSVCR90.dll
 0002:000000a8       __imp___unlock             100030a8     MSVCRT:MSVCR90.dll
 0002:000000ac       __imp____dllonexit         100030ac     MSVCRT:MSVCR90.dll
 0002:000000b0       __imp___encode_pointer     100030b0     MSVCRT:MSVCR90.dll
 0002:000000b4       __imp___lock               100030b4     MSVCRT:MSVCR90.dll
 0002:000000b8       __imp___onexit             100030b8     MSVCRT:MSVCR90.dll
 0002:000000bc       __imp___decode_pointer     100030bc     MSVCRT:MSVCR90.dll
 0002:000000c0       __imp___malloc_crt         100030c0     MSVCRT:MSVCR90.dll
 0002:000000c4       __imp__free                100030c4     MSVCRT:MSVCR90.dll
 0002:000000c8       __imp___encoded_null       100030c8     MSVCRT:MSVCR90.dll
 0002:000000cc       __imp___initterm           100030cc     MSVCRT:MSVCR90.dll
 0002:000000d0       __imp___initterm_e         100030d0     MSVCRT:MSVCR90.dll
 0002:000000d4       __imp___amsg_exit          100030d4     MSVCRT:MSVCR90.dll
 0002:000000d8       __imp___adjust_fdiv        100030d8     MSVCRT:MSVCR90.dll
 0002:000000dc       __imp____CppXcptFilter     100030dc     MSVCRT:MSVCR90.dll
 0002:000000e0       __imp___crt_debugger_hook  100030e0     MSVCRT:MSVCR90.dll
 0002:000000e4       __imp___except_handler4_common 100030e4     MSVCRT:MSVCR90.dll
 0002:000000e8       __imp____clean_type_info_names_internal 100030e8     MSVCRT:MSVCR90.dll
 0002:000000ec       __imp__fscanf_s            100030ec     MSVCRT:MSVCR90.dll
 0002:000000f0       __imp__wcsncpy_s           100030f0     MSVCRT:MSVCR90.dll
 0002:000000f4       __imp___wfopen_s           100030f4     MSVCRT:MSVCR90.dll
 0002:000000f8       __imp____CxxFrameHandler3  100030f8     MSVCRT:MSVCR90.dll
 0002:000000fc       __imp__wcsrchr             100030fc     MSVCRT:MSVCR90.dll
 0002:00000100       \177MSVCR90_NULL_THUNK_DATA 10003100     MSVCRT:MSVCR90.dll
 0002:00000104       __imp__ReadPort@4          10003104     TVicPort:TVicPort.dll
 0002:00000108       __imp__OpenTVicPort@0      10003108     TVicPort:TVicPort.dll
 0002:0000010c       __imp__SetHardAccess@4     1000310c     TVicPort:TVicPort.dll
 0002:00000110       __imp__CloseTVicPort@0     10003110     TVicPort:TVicPort.dll
 0002:00000114       __imp__WritePort@8         10003114     TVicPort:TVicPort.dll
 0002:00000118       __imp__IsDriverOpened@0    10003118     TVicPort:TVicPort.dll
 0002:0000011c       \177TVicPort_NULL_THUNK_DATA 1000311c     TVicPort:TVicPort.dll
 0002:00000120       __imp__MessageBoxW@16      10003120     user32:USER32.dll
 0002:00000124       \177USER32_NULL_THUNK_DATA 10003124     user32:USER32.dll
 0002:00000128       ___xc_a                    10003128     MSVCRT:cinitexe.obj
 0002:0000012c       ___xc_z                    1000312c     MSVCRT:cinitexe.obj
 0002:00000130       ___xi_a                    10003130     MSVCRT:cinitexe.obj
 0002:00000138       ___xi_z                    10003138     MSVCRT:cinitexe.obj
 0002:0000015c       __pDefaultRawDllMain       1000315c     MSVCRT:crtdll.obj
 0002:0000015c       __pRawDllMain              1000315c     MSVCRT:crtdll.obj
 0002:00000168       ??_C@_0P@GHFPNOJB@bad?5allocation?$AA@ 10003168     Remapped IO.DLL.obj
 0002:00000178       ??_C@_07NLMDIKHJ@out?4log?$AA@ 10003178     Remapped IO.DLL.obj
 0002:00000180       ??_C@_1O@LMOJFLHI@?$AAi?$AAo?$AA?4?$AAi?$AAn?$AAi?$AA?$AA@ 10003180     Remapped IO.DLL.obj
 0002:00000190       ??_C@_13BPINEIPE@?$AAr?$AA?$AA@ 10003190     Remapped IO.DLL.obj
 0002:00000194       ??_C@_03LLKMDFJJ@?$CFhi?$AA@ 10003194     Remapped IO.DLL.obj
 0002:00000198       ??_C@_1EG@OFAKBMDL@?$AAC?$AAo?$AAu?$AAl?$AAd?$AA?5?$AAn?$AAo?$AAt?$AA?5?$AAp?$AAa?$AAr?$AAs?$AAe?$AA?5?$AAa?$AAd?$AAd?$AAr?$AAe?$AAs?$AAs?$AA?5?$AAi?$AAn?$AA?5?$AAi?$AAo?$AA?4?$AAi?$AAn@ 10003198     Remapped IO.DLL.obj
 0002:000001e0       ??_C@_1IM@DPNNEOOP@?$AAO?$AAp?$AAe?$AAn?$AAT?$AAV?$AAi?$AAc?$AAP?$AAo?$AAr?$AAt?$AA?$CI?$AA?$CJ?$AA?5?$AAf?$AAa?$AAi?$AAl?$AAe?$AAd?$AA?5?$AA?9?$AA?9?$AA?5?$AAh?$AAa?$AAv?$AAe?$AA?5?$AAy?$AAo@ 100031e0     Remapped IO.DLL.obj
 0002:00000270       ??_C@_1LO@BCHKOCHJ@?$AAI?$AAs?$AAD?$AAr?$AAi?$AAv?$AAe?$AAr?$AAO?$AAp?$AAe?$AAn?$AAe?$AAd?$AA?$CI?$AA?$CJ?$AA?5?$AAr?$AAe?$AAt?$AAu?$AAr?$AAn?$AAe?$AAd?$AA?5?$AAF?$AAA?$AAL?$AAS?$AAE?$AA?0@ 10003270     Remapped IO.DLL.obj
 0002:00000330       ??_C@_1CO@KKABDDCN@?$AAC?$AAo?$AAu?$AAl?$AAd?$AA?5?$AAn?$AAo?$AAt?$AA?5?$AAo?$AAp?$AAe?$AAn?$AA?5?$AAi?$AAo?$AA?4?$AAi?$AAn?$AAi?$AA?4?$AA?$AA@ 10003330     Remapped IO.DLL.obj
 0002:00000360       ??_C@_1DO@HKCDGHLG@?$AAC?$AAo?$AAu?$AAl?$AAd?$AA?5?$AAn?$AAo?$AAt?$AA?5?$AAg?$AAe?$AAt?$AA?5?$AAm?$AAo?$AAd?$AAu?$AAl?$AAe?$AA?5?$AAf?$AAi?$AAl?$AAe?$AAn?$AAa?$AAm?$AAe?$AA?4?$AA?$AA@ 10003360     Remapped IO.DLL.obj
 0002:000003a0       ??_C@_06BFFEEHDP@?5Data?3?$AA@ 100033a0     Remapped IO.DLL.obj
 0002:000003a8       ??_C@_07NIPJMMHG@?5Write?3?$AA@ 100033a8     Remapped IO.DLL.obj
 0002:000003b0       ??_C@_05OPPJPJON@Time?3?$AA@ 100033b0     Remapped IO.DLL.obj
 0002:000003b8       ??_C@_06FEFHGFDP@?5Read?3?$AA@ 100033b8     Remapped IO.DLL.obj
 0002:00000424       ___rtc_iaa                 10003424     MSVCRT:_initsect_.obj
 0002:00000428       ___rtc_izz                 10003428     MSVCRT:_initsect_.obj
 0002:0000042c       ___rtc_taa                 1000342c     MSVCRT:_initsect_.obj
 0002:00000430       ___rtc_tzz                 10003430     MSVCRT:_initsect_.obj
 0002:0000055c       __IMPORT_DESCRIPTOR_TVicPort 1000355c     TVicPort:TVicPort.dll
 0002:00000570       __IMPORT_DESCRIPTOR_KERNEL32 10003570     kernel32:KERNEL32.dll
 0002:00000584       __IMPORT_DESCRIPTOR_USER32 10003584     user32:USER32.dll
 0002:00000598       __IMPORT_DESCRIPTOR_MSVCP90 10003598     msvcprt:MSVCP90.dll
 0002:000005ac       __IMPORT_DESCRIPTOR_MSVCR90 100035ac     MSVCRT:MSVCR90.dll
 0002:000005c0       __NULL_IMPORT_DESCRIPTOR   100035c0     TVicPort:TVicPort.dll
 0003:00000000       ___security_cookie         10005000     MSVCRT:gs_cookie.obj
 0003:00000004       ___security_cookie_complement 10005004     MSVCRT:gs_cookie.obj
 0003:00000008       ___native_dllmain_reason   10005008     MSVCRT:natstart.obj
 0003:0000000c       ___native_vcclrit_reason   1000500c     MSVCRT:natstart.obj
 0003:00000014       ?RelocatedAddress@@3FA     10005014     Remapped IO.DLL.obj
 0003:00000344       ?__type_info_root_node@@3U__type_info_node@@A 10005344     MSVCRT:tncleanup.obj
 0003:0000034c       ?moduleHandle@@3PAUHINSTANCE__@@A 1000534c     Remapped IO.DLL.obj
 0003:00000350       ?isInitialized@@3FA        10005350     Remapped IO.DLL.obj
 0003:000003e4       __adjust_fdiv              100053e4     <common>
 0003:000003e8       ___native_startup_state    100053e8     <common>
 0003:000003ec       ___native_startup_lock     100053ec     <common>
 0003:000003f0       ___dyn_tls_init_callback   100053f0     <common>
 0003:000003f4       ___onexitend               100053f4     <common>
 0003:000003f8       ___onexitbegin             100053f8     <common>

 entry point at        0001:00000f46

 Static symbols

 0001:00000aa3       __catch$??$?6U?$char_traits@D@std@@@std@@YAAAV?$basic_ostream@DU?$char_traits@D@std@@@0@AAV10@PBD@Z$0 10001aa3 f i  CIL library: CIL module
 0001:00000bbb       _pre_c_init                10001bbb f   MSVCRT:crtdll.obj
 0001:00000e30       ___DllMainCRTStartup       10001e30 f   MSVCRT:crtdll.obj
 0001:00001380       __unwindfunclet$??0sentry@?$basic_ostream@DU?$char_traits@D@std@@@std@@QAE@AAV12@@Z$0 10002380 f    CIL library: CIL module
 0001:00001380       __unwindfunclet$??1sentry@?$basic_ostream@DU?$char_traits@D@std@@@std@@QAE@XZ$0 10002380 f    CIL library: CIL module
 0001:00001388       __ehhandler$??0sentry@?$basic_ostream@DU?$char_traits@D@std@@@std@@QAE@AAV12@@Z 10002388 f    CIL library: CIL module
 0001:00001388       __ehhandler$??1sentry@?$basic_ostream@DU?$char_traits@D@std@@@std@@QAE@XZ 10002388 f    CIL library: CIL module
 0001:000013b0       __unwindfunclet$??$?6U?$char_traits@D@std@@@std@@YAAAV?$basic_ostream@DU?$char_traits@D@std@@@0@AAV10@PBD@Z$2 100023b0 f    CIL library: CIL module
 0001:000013ba       __unwindfunclet$??$?6U?$char_traits@D@std@@@std@@YAAAV?$basic_ostream@DU?$char_traits@D@std@@@0@AAV10@PBD@Z$3 100023ba f    CIL library: CIL module
 0001:000013c2       __ehhandler$??$?6U?$char_traits@D@std@@@std@@YAAAV?$basic_ostream@DU?$char_traits@D@std@@@0@AAV10@PBD@Z 100023c2 f    CIL library: CIL module
 0001:000013e0       __unwindfunclet$?InitRemap@@YGXXZ$0 100023e0 f    CIL library: CIL module
 0001:000013ee       __ehhandler$?InitRemap@@YGXXZ 100023ee f    CIL library: CIL module
 0001:00001420       ??__Fg_log@?1??InitRemap@@YGXXZ@YAXXZ 10002420 f    CIL library: CIL module

 Exports

  ordinal    name

        1    _IsDriverInstalled@0
               exported name: IsDriverInstalled
        2    _PortIn@4
               exported name: PortIn
        3    _PortOut@8
               exported name: PortOut
